src/App.tsx(1,1): error TS6133: 'React' is declared but its value is never read.
src/pages/Apontamentos.tsx(5,10): error TS1484: 'Apontamento' is a type and must be imported using a type-only import when 'verbatimModuleSyntax' is enabled.
src/pages/Apontamentos.tsx(10,61): error TS2339: Property 'updateApontamento' does not exist on type 'AppContextData'.
src/pages/Clientes.tsx(5,10): error TS1484: 'Cliente' is a type and must be imported using a type-only import when 'verbatimModuleSyntax' is enabled.
src/pages/Projetos.tsx(5,10): error TS1484: 'Projeto' is a type and must be imported using a type-only import when 'verbatimModuleSyntax' is enabled.
src/pages/Projetos.tsx(21,50): error TS2322: Type '"Ativo" | "Concluido" | "Pausado"' is not assignable to type '"Ativo"'.
  Type '"Concluido"' is not assignable to type '"Ativo"'.
src/store/AppContext.tsx(2,10): error TS1484: 'Cliente' is a type and must be imported using a type-only import when 'verbatimModuleSyntax' is enabled.
src/store/AppContext.tsx(2,19): error TS1484: 'Projeto' is a type and must be imported using a type-only import when 'verbatimModuleSyntax' is enabled.
src/store/AppContext.tsx(2,28): error TS1484: 'Apontamento' is a type and must be imported using a type-only import when 'verbatimModuleSyntax' is enabled.
